
Processing strain: Kp43816
  Optimizing rf...
Fitting 5 folds for each of 1 candidates, totalling 5 fits
[CV] END rf__class_weight=balanced, rf__criterion=log_loss, rf__max_depth=14, rf__min_samples_leaf=5, rf__min_samples_split=7, rf__n_estimators=266, sampler__clustering_model=<class 'sklearn.cluster._kmeans.KMeans'>, sampler__n_clusters=8, sampler__reduction_percentage_class=0.2217853244146025; total time= 1.1min
[CV] END rf__class_weight=balanced, rf__criterion=log_loss, rf__max_depth=14, rf__min_samples_leaf=5, rf__min_samples_split=7, rf__n_estimators=266, sampler__clustering_model=<class 'sklearn.cluster._kmeans.KMeans'>, sampler__n_clusters=8, sampler__reduction_percentage_class=0.2217853244146025; total time= 1.1min
[CV] END rf__class_weight=balanced, rf__criterion=log_loss, rf__max_depth=14, rf__min_samples_leaf=5, rf__min_samples_split=7, rf__n_estimators=266, sampler__clustering_model=<class 'sklearn.cluster._kmeans.KMeans'>, sampler__n_clusters=8, sampler__reduction_percentage_class=0.2217853244146025; total time= 1.1min
[CV] END rf__class_weight=balanced, rf__criterion=log_loss, rf__max_depth=14, rf__min_samples_leaf=5, rf__min_samples_split=7, rf__n_estimators=266, sampler__clustering_model=<class 'sklearn.cluster._kmeans.KMeans'>, sampler__n_clusters=8, sampler__reduction_percentage_class=0.2217853244146025; total time= 1.1min
[CV] END rf__class_weight=balanced, rf__criterion=log_loss, rf__max_depth=14, rf__min_samples_leaf=5, rf__min_samples_split=7, rf__n_estimators=266, sampler__clustering_model=<class 'sklearn.cluster._kmeans.KMeans'>, sampler__n_clusters=8, sampler__reduction_percentage_class=0.2217853244146025; total time= 1.1min
Fitting 5 folds for each of 1 candidates, totalling 5 fits
[CV] END rf__class_weight=balanced_subsample, rf__criterion=log_loss, rf__max_depth=7, rf__min_samples_leaf=10, rf__min_samples_split=9, rf__n_estimators=125, sampler__clustering_model=<class 'sklearn.cluster._kmeans.KMeans'>, sampler__n_clusters=5, sampler__reduction_percentage_class=0.3542916407516682; total time=  36.1s
[CV] END rf__class_weight=balanced_subsample, rf__criterion=log_loss, rf__max_depth=7, rf__min_samples_leaf=10, rf__min_samples_split=9, rf__n_estimators=125, sampler__clustering_model=<class 'sklearn.cluster._kmeans.KMeans'>, sampler__n_clusters=5, sampler__reduction_percentage_class=0.3542916407516682; total time=  35.9s
[CV] END rf__class_weight=balanced_subsample, rf__criterion=log_loss, rf__max_depth=7, rf__min_samples_leaf=10, rf__min_samples_split=9, rf__n_estimators=125, sampler__clustering_model=<class 'sklearn.cluster._kmeans.KMeans'>, sampler__n_clusters=5, sampler__reduction_percentage_class=0.3542916407516682; total time=  36.6s
[CV] END rf__class_weight=balanced_subsample, rf__criterion=log_loss, rf__max_depth=7, rf__min_samples_leaf=10, rf__min_samples_split=9, rf__n_estimators=125, sampler__clustering_model=<class 'sklearn.cluster._kmeans.KMeans'>, sampler__n_clusters=5, sampler__reduction_percentage_class=0.3542916407516682; total time=  37.9s
[CV] END rf__class_weight=balanced_subsample, rf__criterion=log_loss, rf__max_depth=7, rf__min_samples_leaf=10, rf__min_samples_split=9, rf__n_estimators=125, sampler__clustering_model=<class 'sklearn.cluster._kmeans.KMeans'>, sampler__n_clusters=5, sampler__reduction_percentage_class=0.3542916407516682; total time=  37.8s
Fitting 5 folds for each of 1 candidates, totalling 5 fits
[CV] END rf__class_weight=balanced, rf__criterion=log_loss, rf__max_depth=4, rf__min_samples_leaf=5, rf__min_samples_split=4, rf__n_estimators=281, sampler__clustering_model=<class 'sklearn.cluster._kmeans.KMeans'>, sampler__n_clusters=8, sampler__reduction_percentage_class=0.32293616921352053; total time=  38.0s
[CV] END rf__class_weight=balanced, rf__criterion=log_loss, rf__max_depth=4, rf__min_samples_leaf=5, rf__min_samples_split=4, rf__n_estimators=281, sampler__clustering_model=<class 'sklearn.cluster._kmeans.KMeans'>, sampler__n_clusters=8, sampler__reduction_percentage_class=0.32293616921352053; total time=  38.6s
[CV] END rf__class_weight=balanced, rf__criterion=log_loss, rf__max_depth=4, rf__min_samples_leaf=5, rf__min_samples_split=4, rf__n_estimators=281, sampler__clustering_model=<class 'sklearn.cluster._kmeans.KMeans'>, sampler__n_clusters=8, sampler__reduction_percentage_class=0.32293616921352053; total time=  37.5s
[CV] END rf__class_weight=balanced, rf__criterion=log_loss, rf__max_depth=4, rf__min_samples_leaf=5, rf__min_samples_split=4, rf__n_estimators=281, sampler__clustering_model=<class 'sklearn.cluster._kmeans.KMeans'>, sampler__n_clusters=8, sampler__reduction_percentage_class=0.32293616921352053; total time=  39.0s
[CV] END rf__class_weight=balanced, rf__criterion=log_loss, rf__max_depth=4, rf__min_samples_leaf=5, rf__min_samples_split=4, rf__n_estimators=281, sampler__clustering_model=<class 'sklearn.cluster._kmeans.KMeans'>, sampler__n_clusters=8, sampler__reduction_percentage_class=0.32293616921352053; total time=  39.2s
Fitting 5 folds for each of 1 candidates, totalling 5 fits
[CV] END rf__class_weight=balanced_subsample, rf__criterion=gini, rf__max_depth=10, rf__min_samples_leaf=8, rf__min_samples_split=6, rf__n_estimators=138, sampler__clustering_model=<class 'sklearn.cluster._kmeans.KMeans'>, sampler__n_clusters=9, sampler__reduction_percentage_class=0.4647715446027535; total time=  58.9s
[CV] END rf__class_weight=balanced_subsample, rf__criterion=gini, rf__max_depth=10, rf__min_samples_leaf=8, rf__min_samples_split=6, rf__n_estimators=138, sampler__clustering_model=<class 'sklearn.cluster._kmeans.KMeans'>, sampler__n_clusters=9, sampler__reduction_percentage_class=0.4647715446027535; total time= 1.0min
